2025-08-10 10:43:28 - src.agents.summary_agent - INFO - ğŸ”„ SummaryAgent: Starting to consolidate analyses.
2025-08-10 10:43:28 - src.agents.summary_agent - INFO - ğŸ”„ SummaryAgent: Using model choice: api
2025-08-10 10:43:28 - src.agents.summary_agent - INFO - ğŸ”„ SummaryAgent: Using OpenAI API...
2025-08-10 10:43:28 - src.agents.summary_agent - INFO - ğŸ”„ SummaryAgent: Creating ChatOpenAI with model doubao-seed-1-6-250615
2025-08-10 10:52:26 - src.agents.summary_agent - INFO - ğŸ”„ SummaryAgent: Starting to consolidate analyses.
2025-08-10 10:52:26 - src.agents.summary_agent - INFO - ğŸ”„ SummaryAgent: Using model choice: local
2025-08-10 10:52:26 - src.agents.summary_agent - INFO - ğŸ”„ SummaryAgent: Using local FinR1 model...
2025-08-10 10:52:26 - src.agents.summary_agent - INFO - ğŸ”„ Loading FinR1 model from /root/code/self-learn/FinR1...
2025-08-10 10:52:33 - src.agents.summary_agent - INFO - âœ“ FinR1 model loaded successfully
2025-08-10 10:58:02 - src.agents.summary_agent - INFO - âœ“ SummaryAgent: Final report generated for èŒ…å° (sh.600519).
2025-08-10 10:58:02 - src.agents.summary_agent - DEBUG - Final report preview: # è´µå·èŒ…å°(sh.600519) ç»¼åˆåˆ†ææŠ¥å‘Š

## æ‰§è¡Œæ‘˜è¦
è´µå·èŒ…å°ä½œä¸ºä¸­å›½ç™½é…’è¡Œä¸šçš„é¢†å†›ä¼ä¸šï¼Œå‡­å€Ÿå¼ºå¤§çš„å“ç‰Œå£å’ã€å“è¶Šçš„è´¢åŠ¡è¡¨ç°å’Œç¨³å®šçš„ç°é‡‘æµï¼Œå±•ç°å‡ºæé«˜çš„æŠ•èµ„å¸å¼•åŠ›ã€‚åŸºæœ¬é¢åˆ†ææ˜¾ç¤ºå…¶ç›ˆåˆ©èƒ½åŠ›å¼ºåŠ²ï¼Œæˆé•¿æ€§ç¨³å¥ï¼Œè´¢åŠ¡ç»“æ„æå…¶ç¨³å¥ã€‚æŠ€æœ¯åˆ†ææ­ç¤ºäº†è‚¡ä»·è¿‘æœŸçš„å®½å¹…éœ‡è¡æ ¼å±€ï¼Œä½†æœªå‡ºç°æ˜ç¡®çš„æ–¹å‘æ€§çªç ´ã€‚ä¼°å€¼åˆ†ææŒ‡å‡ºï¼Œè´µå·èŒ…å°çš„ä¼°å€¼æ°´å¹³åœ¨è¡Œä¸šå†…ç›¸å¯¹è¾ƒä½ï¼Œä¸”å…·å¤‡è¾ƒé«˜çš„è‚¡æ¯æ”¶ç›Šç‡å’ŒDCFæ”¯æŒï¼Œå†…åœ¨ä»·å€¼è¢«ä½ä¼°ã€‚æ–°é—»åˆ†æåˆ™åæ˜ äº†å¸‚åœºæƒ…ç»ªçš„æ³¢åŠ¨ï¼Œä½†é•¿æœŸæ¥çœ‹ï¼Œå“ç‰Œæ•ˆåº”å’Œå¸‚åœºéœ€æ±‚çš„ç¨³å®šæ€§å°†åŠ©åŠ›è‚¡ä»·å›å½’åˆç†åŒºé—´ã€‚ç»¼åˆè€ƒè™‘ï¼Œè´µå·èŒ…å°ä»ä¸ºä¼˜è´¨çš„æŠ•èµ„æ ‡çš„ï¼Œå»ºè®®æŠ•èµ„è€…å…³æ³¨å…¶çªç ´ä¿¡å·å¹¶é€‚æ—¶ä»‹å…¥ã€‚

## å…¬å¸æ¦‚å†µ
è´µå·èŒ…å°...
2025-08-10 10:58:02 - src.agents.summary_agent - INFO - âœ“ SummaryAgent: Report saved to /root/code/self-learn/Financial-MCP-Agent/reports/report_èŒ…å°_600519_20250810_105802.md
2025-08-10 11:11:13 - src.agents.summary_agent - INFO - ğŸ”„ SummaryAgent: Starting to consolidate analyses.
2025-08-10 11:11:13 - src.agents.summary_agent - INFO - ğŸ”„ SummaryAgent: Using model choice: local
2025-08-10 11:11:13 - src.agents.summary_agent - INFO - ğŸ”„ SummaryAgent: Using local FinR1 model...
2025-08-10 11:11:13 - src.agents.summary_agent - INFO - ğŸ”„ Loading FinR1 model from /root/code/self-learn/FinR1...
2025-08-10 11:11:20 - src.agents.summary_agent - INFO - âœ“ FinR1 model loaded successfully
2025-08-10 11:16:50 - src.agents.summary_agent - INFO - âœ“ SummaryAgent: Final report generated for èŒ…å° (sh.600519).
2025-08-10 11:16:50 - src.agents.summary_agent - DEBUG - Final report preview: ...
2025-08-10 11:16:50 - src.agents.summary_agent - INFO - âœ“ SummaryAgent: Report saved to /root/code/self-learn/Financial-MCP-Agent/reports/report_èŒ…å°_600519_20250810_111650.md
2025-08-10 11:36:56 - src.agents.summary_agent - INFO - ğŸ”„ SummaryAgent: Starting to consolidate analyses.
2025-08-10 11:36:56 - src.agents.summary_agent - INFO - ğŸ”„ SummaryAgent: Using model choice: local
2025-08-10 11:36:56 - src.agents.summary_agent - INFO - ğŸ”„ SummaryAgent: Using local FinR1 model...
2025-08-10 11:36:56 - src.agents.summary_agent - INFO - ğŸ”„ Loading FinR1 model from /root/code/self-learn/FinR1...
2025-08-10 11:37:02 - src.agents.summary_agent - INFO - âœ“ FinR1 model loaded successfully
2025-08-10 11:42:32 - src.agents.summary_agent - INFO - æˆªæ–­æŠ¥å‘Šåœ¨æ—¶é—´ä¿¡æ¯è¡Œä¹‹åï¼Œæˆªæ–­ä½ç½®: 2118
2025-08-10 11:42:32 - src.agents.summary_agent - INFO - âœ“ SummaryAgent: Final report generated for èŒ…å° (sh.600519).
2025-08-10 11:42:32 - src.agents.summary_agent - DEBUG - Final report preview: # èŒ…å° (sh.600519) ç»¼åˆåˆ†ææŠ¥å‘Š

---

## æ‰§è¡Œæ‘˜è¦
è´µå·èŒ…å°ä½œä¸ºä¸­å›½ç™½é…’è¡Œä¸šçš„é¾™å¤´ä¼ä¸šï¼Œå‡­å€Ÿå…¶å¼ºå¤§çš„å“ç‰Œå£å’å’Œé«˜ç«¯å®šä½ï¼Œåœ¨2024å¹´çš„è´¢åŠ¡è¡¨ç°ä¾æ—§äº®çœ¼ã€‚å°½ç®¡é¢ä¸´å®è§‚ç»æµæ³¢åŠ¨å’Œè¡Œä¸šç«äº‰åŠ å‰§çš„æŒ‘æˆ˜ï¼ŒèŒ…å°é€šè¿‡ä¼˜åŒ–äº§å“ç»“æ„å’Œå¼ºåŒ–ç›´é”€æ¸ é“ï¼Œå±•ç°äº†å“è¶Šçš„æŠ—é£é™©èƒ½åŠ›å’Œæˆé•¿æ½œåŠ›ã€‚æŠ€æœ¯é¢ä¸Šï¼Œè‚¡ç¥¨åœ¨2025å¹´ä¸ŠåŠå¹´ç»å†äº†é˜¶æ®µæ€§å›è°ƒï¼Œä½†æ•´ä½“è¶‹åŠ¿ä¾ç„¶åå¼±ã€‚ä¼°å€¼æ–¹é¢ï¼Œå½“å‰å¸‚ç›ˆç‡ç•¥ä½äºå†å²å‡å€¼ï¼Œå…·å¤‡ä¸€å®šå®‰å…¨è¾¹é™…ã€‚ç»¼åˆæ¥çœ‹ï¼Œè´µå·èŒ…å°æ˜¯é•¿æœŸä»·å€¼æŠ•èµ„è€…çš„ç†æƒ³é€‰æ‹©ã€‚

---

## å…¬å¸æ¦‚å†µ
- **è‚¡ç¥¨ä»£ç **ï¼šsh.600519  
- **å…¬å¸åç§°**ï¼šè´µå·èŒ…å°  
- **ä¸Šå¸‚æ—¥æœŸ**ï¼š2001...
2025-08-10 11:42:32 - src.agents.summary_agent - INFO - âœ“ SummaryAgent: Report saved to /root/code/self-learn/Financial-MCP-Agent/reports/report_èŒ…å°_600519_20250810_114232.md
2025-08-10 20:44:12 - src.agents.summary_agent - INFO - ğŸ”„ SummaryAgent: Starting to consolidate analyses.
2025-08-10 20:44:12 - src.agents.summary_agent - INFO - ğŸ”„ SummaryAgent: Using model choice: local
2025-08-10 20:44:12 - src.agents.summary_agent - INFO - ğŸ”„ SummaryAgent: Using local FinR1 model...
2025-08-10 20:44:12 - src.agents.summary_agent - INFO - ğŸ”„ Loading FinR1 model from /root/code/self-learn/FinR1...
2025-08-10 20:44:12 - src.agents.summary_agent - ERROR - âœ— Failed to load FinR1 model: Repo id must be in the form 'repo_name' or 'namespace/repo_name': '/root/code/self-learn/FinR1'. Use `repo_type` argument if needed.
2025-08-10 20:44:12 - src.agents.summary_agent - ERROR - âœ— SummaryAgent: Error generating final report: Repo id must be in the form 'repo_name' or 'namespace/repo_name': '/root/code/self-learn/FinR1'. Use `repo_type` argument if needed.
Traceback (most recent call last):
  File "/root/miniconda3/lib/python3.12/site-packages/transformers/utils/hub.py", line 479, in cached_files
    hf_hub_download(
  File "/root/miniconda3/lib/python3.12/site-packages/huggingface_hub/utils/_validators.py", line 106, in _inner_fn
    validate_repo_id(arg_value)
  File "/root/miniconda3/lib/python3.12/site-packages/huggingface_hub/utils/_validators.py", line 154, in validate_repo_id
    raise HFValidationError(
huggingface_hub.errors.HFValidationError: Repo id must be in the form 'repo_name' or 'namespace/repo_name': '/root/code/self-learn/FinR1'. Use `repo_type` argument if needed.

During handling of the above exception, another exception occurred:

Traceback (most recent call last):
  File "/root/autodl-tmp/Finance/Financial-MCP-Agent/src/agents/summary_agent.py", line 427, in summary_agent
    model, tokenizer = load_finr1_model()
                       ^^^^^^^^^^^^^^^^^^
  File "/root/autodl-tmp/Finance/Financial-MCP-Agent/src/agents/summary_agent.py", line 115, in load_finr1_model
    raise e
  File "/root/autodl-tmp/Finance/Financial-MCP-Agent/src/agents/summary_agent.py", line 99, in load_finr1_model
    tokenizer = AutoTokenizer.from_pretrained(model_path)
                ^^^^^^^^^^^^^^^^^^^^^^^^^^^^^^^^^^^^^^^^^
  File "/root/miniconda3/lib/python3.12/site-packages/transformers/models/auto/tokenization_auto.py", line 1049, in from_pretrained
    tokenizer_config = get_tokenizer_config(pretrained_model_name_or_path, **kwargs)
                       ^^^^^^^^^^^^^^^^^^^^^^^^^^^^^^^^^^^^^^^^^^^^^^^^^^^^^^^^^^^^^
  File "/root/miniconda3/lib/python3.12/site-packages/transformers/models/auto/tokenization_auto.py", line 881, in get_tokenizer_config
    resolved_config_file = cached_file(
                           ^^^^^^^^^^^^
  File "/root/miniconda3/lib/python3.12/site-packages/transformers/utils/hub.py", line 321, in cached_file
    file = cached_files(path_or_repo_id=path_or_repo_id, filenames=[filename], **kwargs)
           ^^^^^^^^^^^^^^^^^^^^^^^^^^^^^^^^^^^^^^^^^^^^^^^^^^^^^^^^^^^^^^^^^^^^^^^^^^^^^
  File "/root/miniconda3/lib/python3.12/site-packages/transformers/utils/hub.py", line 532, in cached_files
    _get_cache_file_to_return(path_or_repo_id, filename, cache_dir, revision, repo_type)
  File "/root/miniconda3/lib/python3.12/site-packages/transformers/utils/hub.py", line 144, in _get_cache_file_to_return
    resolved_file = try_to_load_from_cache(
                    ^^^^^^^^^^^^^^^^^^^^^^^
  File "/root/miniconda3/lib/python3.12/site-packages/huggingface_hub/utils/_validators.py", line 106, in _inner_fn
    validate_repo_id(arg_value)
  File "/root/miniconda3/lib/python3.12/site-packages/huggingface_hub/utils/_validators.py", line 154, in validate_repo_id
    raise HFValidationError(
huggingface_hub.errors.HFValidationError: Repo id must be in the form 'repo_name' or 'namespace/repo_name': '/root/code/self-learn/FinR1'. Use `repo_type` argument if needed.
2025-08-10 20:44:12 - src.agents.summary_agent - INFO - âœ— SummaryAgent: Error report saved to /root/autodl-tmp/Finance/Financial-MCP-Agent/reports/error_report_è…¾è®¯_00700_20250810_204412.md
2025-08-10 20:52:13 - src.agents.summary_agent - INFO - ğŸ”„ SummaryAgent: Starting to consolidate analyses.
2025-08-10 20:52:13 - src.agents.summary_agent - INFO - ğŸ”„ SummaryAgent: Using model choice: local
2025-08-10 20:52:13 - src.agents.summary_agent - INFO - ğŸ”„ SummaryAgent: Using local FinR1 model...
2025-08-10 20:52:13 - src.agents.summary_agent - INFO - ğŸ”„ Loading FinR1 model from /root/code/self-learn/FinR1...
2025-08-10 20:52:13 - src.agents.summary_agent - ERROR - âœ— Failed to load FinR1 model: Repo id must be in the form 'repo_name' or 'namespace/repo_name': '/root/code/self-learn/FinR1'. Use `repo_type` argument if needed.
2025-08-10 20:52:14 - src.agents.summary_agent - ERROR - âœ— SummaryAgent: Error generating final report: Repo id must be in the form 'repo_name' or 'namespace/repo_name': '/root/code/self-learn/FinR1'. Use `repo_type` argument if needed.
Traceback (most recent call last):
  File "/root/miniconda3/lib/python3.12/site-packages/transformers/utils/hub.py", line 479, in cached_files
    hf_hub_download(
  File "/root/miniconda3/lib/python3.12/site-packages/huggingface_hub/utils/_validators.py", line 106, in _inner_fn
    validate_repo_id(arg_value)
  File "/root/miniconda3/lib/python3.12/site-packages/huggingface_hub/utils/_validators.py", line 154, in validate_repo_id
    raise HFValidationError(
huggingface_hub.errors.HFValidationError: Repo id must be in the form 'repo_name' or 'namespace/repo_name': '/root/code/self-learn/FinR1'. Use `repo_type` argument if needed.

During handling of the above exception, another exception occurred:

Traceback (most recent call last):
  File "/root/autodl-tmp/Finance/Financial-MCP-Agent/src/agents/summary_agent.py", line 427, in summary_agent
    model, tokenizer = load_finr1_model()
                       ^^^^^^^^^^^^^^^^^^
  File "/root/autodl-tmp/Finance/Financial-MCP-Agent/src/agents/summary_agent.py", line 115, in load_finr1_model
    raise e
  File "/root/autodl-tmp/Finance/Financial-MCP-Agent/src/agents/summary_agent.py", line 99, in load_finr1_model
    tokenizer = AutoTokenizer.from_pretrained(model_path)
                ^^^^^^^^^^^^^^^^^^^^^^^^^^^^^^^^^^^^^^^^^
  File "/root/miniconda3/lib/python3.12/site-packages/transformers/models/auto/tokenization_auto.py", line 1049, in from_pretrained
    tokenizer_config = get_tokenizer_config(pretrained_model_name_or_path, **kwargs)
                       ^^^^^^^^^^^^^^^^^^^^^^^^^^^^^^^^^^^^^^^^^^^^^^^^^^^^^^^^^^^^^
  File "/root/miniconda3/lib/python3.12/site-packages/transformers/models/auto/tokenization_auto.py", line 881, in get_tokenizer_config
    resolved_config_file = cached_file(
                           ^^^^^^^^^^^^
  File "/root/miniconda3/lib/python3.12/site-packages/transformers/utils/hub.py", line 321, in cached_file
    file = cached_files(path_or_repo_id=path_or_repo_id, filenames=[filename], **kwargs)
           ^^^^^^^^^^^^^^^^^^^^^^^^^^^^^^^^^^^^^^^^^^^^^^^^^^^^^^^^^^^^^^^^^^^^^^^^^^^^^
  File "/root/miniconda3/lib/python3.12/site-packages/transformers/utils/hub.py", line 532, in cached_files
    _get_cache_file_to_return(path_or_repo_id, filename, cache_dir, revision, repo_type)
  File "/root/miniconda3/lib/python3.12/site-packages/transformers/utils/hub.py", line 144, in _get_cache_file_to_return
    resolved_file = try_to_load_from_cache(
                    ^^^^^^^^^^^^^^^^^^^^^^^
  File "/root/miniconda3/lib/python3.12/site-packages/huggingface_hub/utils/_validators.py", line 106, in _inner_fn
    validate_repo_id(arg_value)
  File "/root/miniconda3/lib/python3.12/site-packages/huggingface_hub/utils/_validators.py", line 154, in validate_repo_id
    raise HFValidationError(
huggingface_hub.errors.HFValidationError: Repo id must be in the form 'repo_name' or 'namespace/repo_name': '/root/code/self-learn/FinR1'. Use `repo_type` argument if needed.
2025-08-10 20:52:14 - src.agents.summary_agent - INFO - âœ— SummaryAgent: Error report saved to /root/autodl-tmp/Finance/Financial-MCP-Agent/reports/error_report_è…¾è®¯_00700_20250810_205213.md
2025-08-10 21:03:34 - src.agents.summary_agent - INFO - ğŸ”„ SummaryAgent: Starting to consolidate analyses.
2025-08-10 21:03:34 - src.agents.summary_agent - INFO - ğŸ”„ SummaryAgent: Using model choice: api
2025-08-10 21:03:34 - src.agents.summary_agent - INFO - ğŸ”„ SummaryAgent: Using OpenAI API...
2025-08-10 21:03:34 - src.agents.summary_agent - INFO - ğŸ”„ SummaryAgent: Creating ChatOpenAI with model doubao-seed-1-6-250615
2025-08-10 21:05:08 - src.agents.summary_agent - INFO - æˆªæ–­æŠ¥å‘Šåœ¨'åˆ†æåŸºå‡†æ—¶é—´'è¡Œä¹‹åï¼Œæˆªæ–­ä½ç½®: 5747
2025-08-10 21:05:08 - src.agents.summary_agent - INFO - âœ“ SummaryAgent: Final report generated for èŒ…å° (sh.600519).
2025-08-10 21:05:08 - src.agents.summary_agent - DEBUG - Final report preview: # [è´µå·èŒ…å°](sh.600519) ç»¼åˆåˆ†ææŠ¥å‘Š

## æ‰§è¡Œæ‘˜è¦
è´µå·èŒ…å°ä½œä¸ºä¸­å›½é«˜ç«¯ç™½é…’è¡Œä¸šç»å¯¹é¾™å¤´ï¼Œå±•ç°å‡ºå“è¶Šçš„ç›ˆåˆ©èƒ½åŠ›ã€è´¢åŠ¡ç¨³å¥æ€§å’Œå¸‚åœºç«äº‰åŠ›ã€‚å½“å‰ä¼°å€¼å¤„äºå†å²ç›¸å¯¹ä½ä½ï¼ŒåŸºæœ¬é¢å¼ºåŠ²æ”¯æ’‘é•¿æœŸæŠ•èµ„ä»·å€¼ã€‚æŠ€æœ¯é¢æ˜¾ç¤ºçŸ­æœŸéœ‡è¡æ•´ç†ä½†ä¸­é•¿æœŸè¶‹åŠ¿å‘å¥½ã€‚è¿‘æœŸå…¬å¸åœ¨å“ç‰Œå»ºè®¾ã€äº§å“åˆ›æ–°å’Œäººæ‰å‚¨å¤‡æ–¹é¢æŒç»­å‘åŠ›ï¼Œå¸‚åœºæƒ…ç»ªæ•´ä½“ç§¯æã€‚ç»¼åˆè¯„ä¼°ï¼š**é£é™©ç­‰çº§ï¼šä¸­ä½**ï¼Œ**é¢„æœŸå›æŠ¥ï¼šä¸­é•¿æœŸå¹´åŒ–10-15%**ï¼Œå»ºè®®æŠ•èµ„è€…ç°ä»·åˆ†æ‰¹å»ºä»“ï¼Œé€‚åˆé•¿æœŸä»·å€¼æŠ•èµ„è€…æŒæœ‰ã€‚

## å…¬å¸æ¦‚å†µ
è´µå·èŒ…å°(sh.600519)æ˜¯ä¸­å›½é«˜ç«¯ç™½é…’è¡Œä¸šçš„ç»å¯¹é¢†å¯¼è€…ï¼Œå±äºè¯ç›‘ä¼šè¡Œä¸šåˆ†ç±»ä¸­çš„C15é…’ã€é¥®æ–™å’Œç²¾åˆ¶èŒ¶åˆ¶é€ ä¸šã€‚å…¬å¸æ ¸å¿ƒä¸šåŠ¡ä¸ºèŒ…å°é…’åŠ...
2025-08-10 21:05:08 - src.agents.summary_agent - INFO - âœ“ SummaryAgent: Report saved to /root/autodl-tmp/Finance/Financial-MCP-Agent/reports/report_èŒ…å°_600519_20250810_210508.md
2025-08-19 22:28:53 - src.agents.summary_agent - INFO - ğŸ”„ SummaryAgent: Starting to consolidate analyses.
2025-08-19 22:28:53 - src.agents.summary_agent - INFO - ğŸ”„ SummaryAgent: Using model choice: api
2025-08-19 22:28:53 - src.agents.summary_agent - INFO - ğŸ”„ SummaryAgent: Using OpenAI API...
2025-08-19 22:28:53 - src.agents.summary_agent - INFO - ğŸ”„ SummaryAgent: Creating ChatOpenAI with model doubao-1-5-thinking-vision-pro-250428
2025-08-19 22:31:32 - src.agents.summary_agent - INFO - ğŸ”„ SummaryAgent: Starting to consolidate analyses.
2025-08-19 22:31:32 - src.agents.summary_agent - INFO - ğŸ”„ SummaryAgent: Using model choice: api
2025-08-19 22:31:32 - src.agents.summary_agent - INFO - ğŸ”„ SummaryAgent: Using OpenAI API...
2025-08-19 22:31:32 - src.agents.summary_agent - INFO - ğŸ”„ SummaryAgent: Creating ChatOpenAI with model doubao-1-5-thinking-vision-pro-250428
2025-08-19 22:31:44 - src.agents.summary_agent - INFO - ğŸ”„ SummaryAgent: Starting to consolidate analyses.
2025-08-19 22:31:44 - src.agents.summary_agent - INFO - ğŸ”„ SummaryAgent: Using model choice: api
2025-08-19 22:31:44 - src.agents.summary_agent - INFO - ğŸ”„ SummaryAgent: Using OpenAI API...
2025-08-19 22:31:44 - src.agents.summary_agent - INFO - ğŸ”„ SummaryAgent: Creating ChatOpenAI with model doubao-1-5-thinking-vision-pro-250428
2025-08-19 22:33:25 - src.agents.summary_agent - INFO - æˆªæ–­æŠ¥å‘Šåœ¨æ—¶é—´ä¿¡æ¯è¡Œä¹‹åï¼Œæˆªæ–­ä½ç½®: 4487
2025-08-19 22:33:25 - src.agents.summary_agent - INFO - âœ“ SummaryAgent: Final report generated for èŒ…å° (sh.600519).
2025-08-19 22:33:25 - src.agents.summary_agent - DEBUG - Final report preview: # èŒ…å°(sh.600519) ç»¼åˆåˆ†ææŠ¥å‘Š

## æ‰§è¡Œæ‘˜è¦  
æˆªè‡³åˆ†æåŸºå‡†æ—¥2025-08-19ï¼ŒèŒ…å°æŠ€æœ¯é¢å‘ˆç°**ä¸­æœŸä¸‹è¡Œã€çŸ­æœŸéœ‡è¡ç£¨åº•**ç‰¹å¾ï¼›æ–°é—»é¢ä»¥è¡Œæƒ…ç±»èµ„è®¯ä¸ºä¸»ï¼Œæƒ…ç»ªä¸­æ€§ä½†çŸ­æœŸäº¤æ˜“æƒ…ç»ªä¼ å¯¼é£é™©è¾ƒé«˜ï¼›åŸºæœ¬é¢ä¸ä¼°å€¼åˆ†æå› æ•°æ®è·å–é™åˆ¶å­˜åœ¨ä¿¡æ¯ç¼ºå¤±ã€‚ç»¼åˆæ¥çœ‹ï¼ŒçŸ­æœŸéœ€è­¦æƒ•æƒ…ç»ªé©±åŠ¨çš„æ³¢åŠ¨é£é™©ï¼Œä¸­é•¿æœŸéœ€é”šå®šåŸºæœ¬é¢ï¼ˆä¸šç»©ã€æ”¿ç­–ï¼‰ä¸ä¼°å€¼ä¿®å¤é€»è¾‘ã€‚æŠ•èµ„é£é™©ç­‰çº§æš‚è¯„**ä¸­é«˜é£é™©**ï¼Œé¢„æœŸå›æŠ¥éœ€å¾…åŸºæœ¬é¢/ä¼°å€¼æ•°æ®è¡¥å…¨åæ˜ç¡®ï¼Œå»ºè®®æŠ•èµ„è€…ç»“åˆè‡ªèº«é£é™©æ‰¿å—èƒ½åŠ›è°¨æ…å†³ç­–ã€‚  


## å…¬å¸æ¦‚å†µ  
è´µå·èŒ…å°ï¼ˆè‚¡ç¥¨ä»£ç ï¼šsh.600519ï¼‰æ˜¯**ä¸­å›½ç™½é…’è¡Œä¸šç»å¯¹é¾™å¤´**ï¼Œä¸»è¥é…±é¦™å‹ç™½é…’çš„ç”Ÿäº§ä¸é”€å”®ï¼Œæ ¸å¿ƒäº§å“â€œ...
2025-08-19 22:33:25 - src.agents.summary_agent - INFO - âœ“ SummaryAgent: Report saved to /root/code/Finance/Financial-MCP-Agent/reports/report_èŒ…å°_600519_20250819_223325.md
2025-08-19 22:33:30 - src.agents.summary_agent - INFO - æˆªæ–­æŠ¥å‘Šåœ¨æ—¶é—´ä¿¡æ¯è¡Œä¹‹åï¼Œæˆªæ–­ä½ç½®: 4248
2025-08-19 22:33:30 - src.agents.summary_agent - INFO - âœ“ SummaryAgent: Final report generated for èŒ…å° (sh.600519).
2025-08-19 22:33:30 - src.agents.summary_agent - DEBUG - Final report preview: # è´µå·èŒ…å°(sh.600519) ç»¼åˆåˆ†ææŠ¥å‘Š

## æ‰§è¡Œæ‘˜è¦  
æˆªè‡³åˆ†æåŸºå‡†æ—¥2025-08-19ï¼Œè´µå·èŒ…å°ä½œä¸ºç™½é…’è¡Œä¸šç»å¯¹é¾™å¤´ï¼ŒåŸºæœ¬é¢å±•ç°å¼ºç›ˆåˆ©èƒ½åŠ›ä¸å“ç‰ŒæŠ¤åŸæ²³ï¼ŒæŠ€æœ¯é¢å¤„äºçŸ­æœŸåå¼¹å‘¨æœŸï¼Œä¼°å€¼å¤„äºæ¶ˆè´¹é¾™å¤´åˆç†åŒºé—´ï¼Œæ–°é—»å±‚é¢åæ˜ å¸‚åœºæŒç»­é«˜å…³æ³¨åº¦ä½†ç¼ºä¹åŸºæœ¬é¢è´¨å˜ä¿¡æ¯ã€‚ç»¼åˆæ¥çœ‹ï¼Œ**æŠ•èµ„ä»·å€¼å‘ˆç°â€œé•¿æœŸç¨³å¥ã€çŸ­æœŸåšå¼ˆæ€§å¢å¼ºâ€ç‰¹å¾**ï¼š  
- é£é™©ç­‰çº§ï¼šä¸­ä½é£é™©ï¼ˆé•¿æœŸï¼‰ã€ä¸­é£é™©ï¼ˆçŸ­æœŸï¼‰ï¼›  
- é¢„æœŸå›æŠ¥ï¼šé•¿æœŸï¼ˆ1 - 3å¹´ï¼‰çœ‹ä¸šç»©å¢é•¿ä¸ä¼°å€¼ä¿®å¤ï¼Œé¢„æœŸå¹´åŒ–å›æŠ¥8% - 15%ï¼›çŸ­æœŸï¼ˆ1 - 2æœˆï¼‰çœ‹åå¼¹é«˜åº¦ï¼Œè‹¥çªç ´1500å…ƒé˜»åŠ›ï¼Œé˜¶æ®µå›æŠ¥æˆ–è¾¾5% - 8%ã€‚  


## å…¬å¸æ¦‚å†µ  
è´µå·èŒ…...
2025-08-19 22:33:30 - src.agents.summary_agent - INFO - âœ“ SummaryAgent: Report saved to /root/code/Finance/Financial-MCP-Agent/reports/report_èŒ…å°_600519_20250819_223330.md
2025-08-19 22:36:44 - src.agents.summary_agent - INFO - ğŸ”„ SummaryAgent: Starting to consolidate analyses.
2025-08-19 22:36:44 - src.agents.summary_agent - INFO - ğŸ”„ SummaryAgent: Using model choice: local
2025-08-19 22:36:44 - src.agents.summary_agent - INFO - ğŸ”„ SummaryAgent: Using local FinR1 model...
2025-08-19 22:36:44 - src.agents.summary_agent - INFO - ğŸ”„ Loading FinR1 model from /root/code/self-learn/FinR1...
2025-08-19 22:36:44 - src.agents.summary_agent - ERROR - âœ— Failed to load FinR1 model: Repo id must be in the form 'repo_name' or 'namespace/repo_name': '/root/code/self-learn/FinR1'. Use `repo_type` argument if needed.
2025-08-19 22:36:44 - src.agents.summary_agent - ERROR - âœ— SummaryAgent: Error generating final report: Repo id must be in the form 'repo_name' or 'namespace/repo_name': '/root/code/self-learn/FinR1'. Use `repo_type` argument if needed.
Traceback (most recent call last):
  File "/usr/local/lib/python3.12/dist-packages/transformers/utils/hub.py", line 424, in cached_files
    hf_hub_download(
  File "/usr/local/lib/python3.12/dist-packages/huggingface_hub/utils/_validators.py", line 106, in _inner_fn
    validate_repo_id(arg_value)
  File "/usr/local/lib/python3.12/dist-packages/huggingface_hub/utils/_validators.py", line 154, in validate_repo_id
    raise HFValidationError(
huggingface_hub.errors.HFValidationError: Repo id must be in the form 'repo_name' or 'namespace/repo_name': '/root/code/self-learn/FinR1'. Use `repo_type` argument if needed.

During handling of the above exception, another exception occurred:

Traceback (most recent call last):
  File "/root/code/Finance/Financial-MCP-Agent/src/agents/summary_agent.py", line 427, in summary_agent
    model, tokenizer = load_finr1_model()
                       ^^^^^^^^^^^^^^^^^^
  File "/root/code/Finance/Financial-MCP-Agent/src/agents/summary_agent.py", line 115, in load_finr1_model
    raise e
  File "/root/code/Finance/Financial-MCP-Agent/src/agents/summary_agent.py", line 99, in load_finr1_model
    tokenizer = AutoTokenizer.from_pretrained(model_path)
                ^^^^^^^^^^^^^^^^^^^^^^^^^^^^^^^^^^^^^^^^^
  File "/usr/local/lib/python3.12/dist-packages/transformers/models/auto/tokenization_auto.py", line 946, in from_pretrained
    tokenizer_config = get_tokenizer_config(pretrained_model_name_or_path, **kwargs)
                       ^^^^^^^^^^^^^^^^^^^^^^^^^^^^^^^^^^^^^^^^^^^^^^^^^^^^^^^^^^^^^
  File "/usr/local/lib/python3.12/dist-packages/transformers/models/auto/tokenization_auto.py", line 778, in get_tokenizer_config
    resolved_config_file = cached_file(
                           ^^^^^^^^^^^^
  File "/usr/local/lib/python3.12/dist-packages/transformers/utils/hub.py", line 266, in cached_file
    file = cached_files(path_or_repo_id=path_or_repo_id, filenames=[filename], **kwargs)
           ^^^^^^^^^^^^^^^^^^^^^^^^^^^^^^^^^^^^^^^^^^^^^^^^^^^^^^^^^^^^^^^^^^^^^^^^^^^^^
  File "/usr/local/lib/python3.12/dist-packages/transformers/utils/hub.py", line 471, in cached_files
    _get_cache_file_to_return(path_or_repo_id, filename, cache_dir, revision) for filename in full_filenames
    ^^^^^^^^^^^^^^^^^^^^^^^^^^^^^^^^^^^^^^^^^^^^^^^^^^^^^^^^^^^^^^^^^^^^^^^^^
  File "/usr/local/lib/python3.12/dist-packages/transformers/utils/hub.py", line 134, in _get_cache_file_to_return
    resolved_file = try_to_load_from_cache(path_or_repo_id, full_filename, cache_dir=cache_dir, revision=revision)
                    ^^^^^^^^^^^^^^^^^^^^^^^^^^^^^^^^^^^^^^^^^^^^^^^^^^^^^^^^^^^^^^^^^^^^^^^^^^^^^^^^^^^^^^^^^^^^^^
  File "/usr/local/lib/python3.12/dist-packages/huggingface_hub/utils/_validators.py", line 106, in _inner_fn
    validate_repo_id(arg_value)
  File "/usr/local/lib/python3.12/dist-packages/huggingface_hub/utils/_validators.py", line 154, in validate_repo_id
    raise HFValidationError(
huggingface_hub.errors.HFValidationError: Repo id must be in the form 'repo_name' or 'namespace/repo_name': '/root/code/self-learn/FinR1'. Use `repo_type` argument if needed.
2025-08-19 22:36:44 - src.agents.summary_agent - INFO - âœ— SummaryAgent: Error report saved to /root/code/Finance/Financial-MCP-Agent/reports/error_report_èŒ…å°_600519_20250819_223644.md
2025-08-19 22:47:04 - src.agents.summary_agent - INFO - ğŸ”„ SummaryAgent: Starting to consolidate analyses.
2025-08-19 22:47:04 - src.agents.summary_agent - INFO - ğŸ”„ SummaryAgent: Using model choice: local
2025-08-19 22:47:04 - src.agents.summary_agent - INFO - ğŸ”„ SummaryAgent: Using local FinR1 model...
2025-08-19 22:47:04 - src.agents.summary_agent - INFO - ğŸ”„ Loading FinR1 model from /root/code/self-learn/FinR1...
2025-08-19 22:47:04 - src.agents.summary_agent - ERROR - âœ— Failed to load FinR1 model: Repo id must be in the form 'repo_name' or 'namespace/repo_name': '/root/code/self-learn/FinR1'. Use `repo_type` argument if needed.
2025-08-19 22:47:04 - src.agents.summary_agent - ERROR - âœ— SummaryAgent: Error generating final report: Repo id must be in the form 'repo_name' or 'namespace/repo_name': '/root/code/self-learn/FinR1'. Use `repo_type` argument if needed.
Traceback (most recent call last):
  File "/usr/local/lib/python3.12/dist-packages/transformers/utils/hub.py", line 424, in cached_files
    hf_hub_download(
  File "/usr/local/lib/python3.12/dist-packages/huggingface_hub/utils/_validators.py", line 106, in _inner_fn
    validate_repo_id(arg_value)
  File "/usr/local/lib/python3.12/dist-packages/huggingface_hub/utils/_validators.py", line 154, in validate_repo_id
    raise HFValidationError(
huggingface_hub.errors.HFValidationError: Repo id must be in the form 'repo_name' or 'namespace/repo_name': '/root/code/self-learn/FinR1'. Use `repo_type` argument if needed.

During handling of the above exception, another exception occurred:

Traceback (most recent call last):
  File "/root/code/Finance/Financial-MCP-Agent/src/agents/summary_agent.py", line 427, in summary_agent
    model, tokenizer = load_finr1_model()
                       ^^^^^^^^^^^^^^^^^^
  File "/root/code/Finance/Financial-MCP-Agent/src/agents/summary_agent.py", line 115, in load_finr1_model
    raise e
  File "/root/code/Finance/Financial-MCP-Agent/src/agents/summary_agent.py", line 99, in load_finr1_model
    tokenizer = AutoTokenizer.from_pretrained(model_path)
                ^^^^^^^^^^^^^^^^^^^^^^^^^^^^^^^^^^^^^^^^^
  File "/usr/local/lib/python3.12/dist-packages/transformers/models/auto/tokenization_auto.py", line 946, in from_pretrained
    tokenizer_config = get_tokenizer_config(pretrained_model_name_or_path, **kwargs)
                       ^^^^^^^^^^^^^^^^^^^^^^^^^^^^^^^^^^^^^^^^^^^^^^^^^^^^^^^^^^^^^
  File "/usr/local/lib/python3.12/dist-packages/transformers/models/auto/tokenization_auto.py", line 778, in get_tokenizer_config
    resolved_config_file = cached_file(
                           ^^^^^^^^^^^^
  File "/usr/local/lib/python3.12/dist-packages/transformers/utils/hub.py", line 266, in cached_file
    file = cached_files(path_or_repo_id=path_or_repo_id, filenames=[filename], **kwargs)
           ^^^^^^^^^^^^^^^^^^^^^^^^^^^^^^^^^^^^^^^^^^^^^^^^^^^^^^^^^^^^^^^^^^^^^^^^^^^^^
  File "/usr/local/lib/python3.12/dist-packages/transformers/utils/hub.py", line 471, in cached_files
    _get_cache_file_to_return(path_or_repo_id, filename, cache_dir, revision) for filename in full_filenames
    ^^^^^^^^^^^^^^^^^^^^^^^^^^^^^^^^^^^^^^^^^^^^^^^^^^^^^^^^^^^^^^^^^^^^^^^^^
  File "/usr/local/lib/python3.12/dist-packages/transformers/utils/hub.py", line 134, in _get_cache_file_to_return
    resolved_file = try_to_load_from_cache(path_or_repo_id, full_filename, cache_dir=cache_dir, revision=revision)
                    ^^^^^^^^^^^^^^^^^^^^^^^^^^^^^^^^^^^^^^^^^^^^^^^^^^^^^^^^^^^^^^^^^^^^^^^^^^^^^^^^^^^^^^^^^^^^^^
  File "/usr/local/lib/python3.12/dist-packages/huggingface_hub/utils/_validators.py", line 106, in _inner_fn
    validate_repo_id(arg_value)
  File "/usr/local/lib/python3.12/dist-packages/huggingface_hub/utils/_validators.py", line 154, in validate_repo_id
    raise HFValidationError(
huggingface_hub.errors.HFValidationError: Repo id must be in the form 'repo_name' or 'namespace/repo_name': '/root/code/self-learn/FinR1'. Use `repo_type` argument if needed.
2025-08-19 22:47:04 - src.agents.summary_agent - INFO - âœ— SummaryAgent: Error report saved to /root/code/Finance/Financial-MCP-Agent/reports/error_report_èŒ…å°_600519_20250819_224704.md
2025-08-19 22:49:32 - src.agents.summary_agent - INFO - ğŸ”„ SummaryAgent: Starting to consolidate analyses.
2025-08-19 22:49:32 - src.agents.summary_agent - INFO - ğŸ”„ SummaryAgent: Using model choice: local
2025-08-19 22:49:32 - src.agents.summary_agent - INFO - ğŸ”„ SummaryAgent: Using local FinR1 model...
2025-08-19 22:49:32 - src.agents.summary_agent - INFO - ğŸ”„ Loading FinR1 model from /root/code/Finance/FinR1...
2025-08-19 22:49:40 - src.agents.summary_agent - INFO - âœ“ FinR1 model loaded successfully
